---
source: crates/gh-report/src/report/html.rs
expression: detail_page
---
<!DOCTYPE html>
<html lang="en">

<head>
    <meta charset="utf-8">
    <meta name="viewport" content="width=device-width, initial-scale=1">
    <title>@org/team-empty — Owner Detail</title>
    <link rel="stylesheet" href="../style.css">
    <script src="../ws.js" defer></script>
    <script type="module" src="../sort-init.js"></script>
    
</head>

<body>

    <nav class="top-nav">
    <a href="../index.html">Dashboard</a>
    <a href="../owners.html">Owners</a>
    <a href="../orphans.html">Orphans (0)</a>
    <a href="../report.html" class="nav-right">Report</a>
    <a href="../deleted.html">Deleted (0)</a>
    <a href="../admin.html" class="admin-link">Admin</a>
</nav>

    <h1 title="@org/team-empty"><a href="https://github.com/orgs/TestOrg/teams/team-empty" target="_blank"
            rel="noopener noreferrer">team-empty</a></h1>

    <ul class="breadcrumb">
        <li><a href="../index.html">Dashboard</a></li>
        <li><a href="../owners.html">Owners</a></li>
        <li>@org/team-empty</li>
    </ul>

    <p class="meta">Team · 1 repositories · <a href="https://github.com/orgs/TestOrg/security/overview?query=archived%3Afalse%20tool%3Agithub%20team%3Ateam-empty" target="_blank" rel="noopener noreferrer" title="Open GitHub's security overview for this team's non-archived repositories.">Security overview ↗</a></p>

    

    <div class="scorecard">
        
        <div class="card tier-pass">
            <p class="card-label">Security Policy <span class="tooltip-trigger" tabindex="0" data-tooltip="Add a SECURITY.md file to the repo root, .github/, or docs/ — or use the Security tab&#39;s Reporting → Security policy → Start setup for a guided pull request.">ⓘ</span></p>
            <p class="card-value">100.0% (1/1)</p>
            <div class="progress-bar">
                <div class="progress-fill tier-pass w-100"></div>
            </div>
        </div>
        
        <div class="card tier-pass">
            <p class="card-label">Secret Scanning <span class="tooltip-trigger" tabindex="0" data-tooltip="Enable it under Settings → Security → Advanced Security: click Enable → Enable Secret Protection next to Secret Protection (turns on scanning and push protection together). Counts public repositories only, mirroring the organisation-wide Secret Scanning figure.">ⓘ</span></p>
            <p class="card-value">100.0% (1/1)</p>
            <div class="progress-bar">
                <div class="progress-fill tier-pass w-100"></div>
            </div>
        </div>
        
        <div class="card tier-pass">
            <p class="card-label">Dependabot Status <span class="tooltip-trigger" tabindex="0" data-tooltip="Enable it under Settings → Security → Advanced Security: click Enable next to Dependabot alerts (this also governs Dependabot security updates), or apply it org-wide via a security configuration.">ⓘ</span></p>
            <p class="card-value">100.0% (1/1)</p>
            <div class="progress-bar">
                <div class="progress-fill tier-pass w-100"></div>
            </div>
        </div>
        
        <div class="card tier-pass">
            <p class="card-label">Branch Protection <span class="tooltip-trigger" tabindex="0" data-tooltip="Add a branch protection rule (Settings → Branches) or ruleset (Settings → Rules → Rulesets) on the default branch: require PR review, disallow force-push and deletion, and disable bypass so admins can&#39;t skip it.">ⓘ</span></p>
            <p class="card-value">100.0% (1/1)</p>
            <div class="progress-bar">
                <div class="progress-fill tier-pass w-100"></div>
            </div>
        </div>
        
        <div class="card">
            <p class="card-label">Stale Repos <span class="tooltip-trigger" tabindex="0" data-tooltip="Repos not updated in 2+ years, out of this owner&#39;s total. The complement (total - stale) / total is this owner&#39;s Freshness rate, one of six controls behind the Team Health score. Distinct from the org-wide Archival Coverage, which measures what fraction of already-stale repos have been archived.">ⓘ</span></p>
            <p class="card-value">0 / 1</p>
            <div class="progress-bar">
                <div class="progress-fill w-0"></div>
            </div>
        </div>
    </div>

    
    <h2>Repositories</h2>
    <div class="table-wrapper">
        <table class="data-table" data-sortable>
            <thead>
                <tr>
                    <th data-sort-type="text">Repository <span class="tooltip-trigger tooltip-trigger-header" tabindex="0" data-tooltip="Repository name; links to it on GitHub when a URL is known.">ⓘ</span></th>
                    <th data-sort-type="text">Visibility <span class="tooltip-trigger tooltip-trigger-header" tabindex="0" data-tooltip="The repository&#39;s GitHub visibility: Public, Internal, or Private.">ⓘ</span></th>
                    <th class="text-center" data-sort-type="numeric">Repo Posture <span class="tooltip-trigger tooltip-trigger-header" tabindex="0" data-tooltip="Arithmetic mean: 100 × passing / measured controls, across five controls — Security Policy, Secret Scanning, Dependabot, Branch Protection, CODEOWNERS. Unmeasured controls (unknown, permission-denied, or not-applicable) are excluded from the denominator. Unlike the owner-level Team Health score, this includes CODEOWNERS. N/A when none are scorable.">ⓘ</span></th>
                    
                    <th class="text-center" data-nosort>Security Policy <span class="tooltip-trigger tooltip-trigger-header" tabindex="0" data-tooltip="Security policy presence — a SECURITY.md file (repo root, .github/, or docs/) or GitHub&#39;s security-policy setting enabled. Same per-repo check behind both this column and the org-wide Security Policy Coverage metric (non-public repos excluded as not applicable).">ⓘ</span></th>
                    
                    <th class="text-center" data-nosort>Secret Scanning <span class="tooltip-trigger tooltip-trigger-header" tabindex="0" data-tooltip="GitHub secret scanning presence — catches leaked credentials pushed to the repo. Same per-repo check behind both this column and the org-wide Secret Scanning Coverage metric (that metric&#39;s rate counts public repos only; the check itself runs regardless of visibility).">ⓘ</span></th>
                    
                    <th class="text-center" data-nosort>Dependabot Status <span class="tooltip-trigger tooltip-trigger-header" tabindex="0" data-tooltip="Dependabot security updates presence — when enabled, GitHub opens automatic pull requests for vulnerable dependencies. Same per-repo check behind both this column and the org-wide Dependabot Status metric.">ⓘ</span></th>
                    
                    <th class="text-center" data-nosort>Branch Protection <span class="tooltip-trigger tooltip-trigger-header" tabindex="0" data-tooltip="Branch protection at the T2 accept-bar or better — pull request review required, on top of T1&#39;s force-push and deletion blocking. Same per-repo check behind both this column and the org-wide Branch Protection metric.">ⓘ</span></th>
                    
                    <th data-nosort>Description <span class="tooltip-trigger tooltip-trigger-header" tabindex="0" data-tooltip="Repository description from GitHub, or — when none is set.">ⓘ</span></th>
                    <th data-sort-type="text">Language <span class="tooltip-trigger tooltip-trigger-header" tabindex="0" data-tooltip="Primary language GitHub detected for the repository, or — when none is set.">ⓘ</span></th>
                    <th class="text-center" data-sort-type="text">Fork <span class="tooltip-trigger tooltip-trigger-header" tabindex="0" data-tooltip="Yes if this repository is a fork of another repository.">ⓘ</span></th>
                    <th data-sort-type="text">License <span class="tooltip-trigger tooltip-trigger-header" tabindex="0" data-tooltip="SPDX license identifier detected for the repository, or — when none is set.">ⓘ</span></th>
                    <th data-sort-type="date">Last Push <span class="tooltip-trigger tooltip-trigger-header" tabindex="0" data-tooltip="Timestamp of the repository&#39;s most recent git push, from the GitHub API&#39;s repository record — distinct from Last Commit below, which is scoped to the default branch.">ⓘ</span></th>
                    <th data-sort-type="date">Created <span class="tooltip-trigger tooltip-trigger-header" tabindex="0" data-tooltip="Timestamp of when the repository was created on GitHub.">ⓘ</span></th>
                    <th data-sort-type="text">Last Committer <span class="tooltip-trigger tooltip-trigger-header" tabindex="0" data-tooltip="GitHub login of the author of the most recent commit on the default branch; links to their profile when known.">ⓘ</span></th>
                    <th data-sort-type="date">Last Commit <span class="tooltip-trigger tooltip-trigger-header" tabindex="0" data-tooltip="Date of the most recent commit on the repository&#39;s default branch.">ⓘ</span></th>
                </tr>
            </thead>
            <tbody>
                
                <tr>
                    <td><a href="https://github.com/TestOrg/empty-repo"
                            target="_blank" rel="noopener noreferrer">empty-repo</a> <span class="repo-badge-empty">empty</span></td>
                    <td>Public</td>
                    <td class="text-center">
                        <div class="score-bar-inline">
                            <div class="progress-bar">
                                <div class="progress-fill tier-pass w-100"></div>
                            </div>
                            <span class="score-label">100.0%</span>
                        </div>
                    </td>
                    
                    <td class="text-center"><span class="status-dot status-pass" title="pass"></span>
                    </td>
                    
                    <td class="text-center"><span class="status-dot status-pass" title="enabled"></span>
                    </td>
                    
                    <td class="text-center"><span class="status-dot status-pass" title="enabled"></span>
                    </td>
                    
                    <td class="text-center"><span class="status-dot status-pass" title="pass"></span>
                    </td>
                    
                    <td class="cell-truncate" title="—">—</td>
                    <td>—</td>
                    <td class="text-center"></td>
                    <td>—</td>
                    <td>—</td>
                    <td>—</td>
                    <td>—</td>
                    <td>—</td>
                </tr>
                
            </tbody>
        </table>
    </div>
    

    

    

</body>

</html>
