---
source: crates/gh-report/src/report/html.rs
expression: "&pages[\"report.html\"]"
---
<!DOCTYPE html>
<html lang="en">

<head>
    <meta charset="utf-8">
    <meta name="viewport" content="width=device-width, initial-scale=1">
    <title>TestOrg GitHub Security Posture Overview</title>
    <link rel="stylesheet" href="style.css">
    <script src="ws.js" defer></script>
    
</head>

<body>

    <nav class="top-nav">
    <a href="index.html">Dashboard</a>
    <a href="report.html">Report</a>
    
    <a href="orphans.html">Orphans (0)</a>
    <a href="deleted.html">Deleted (0)</a>
    <a href="admin.html" class="admin-link">Admin</a>
</nav>

    <h1>TestOrg GitHub Security Posture Overview</h1>

    <div class="meta">
        <p><strong>Date:</strong> 2026-04-09 12:00 UTC · <strong>Run:</strong> test-run-id · <strong>Scope:</strong> 5 total · 5 non-archived · 0 archived repositories in
            <code>TestOrg</code></p>
    </div>

    <h2>Summary</h2>

    <p>This report provides an executive snapshot of how consistently core repository security controls
        are applied across 5 non-archived repositories in <code>TestOrg</code>
        GitHub organization.</p>

    <h3>Observability Metrics</h3>

    <p class="question">Do we communicate to external parties how to inform us about security issues found in our public
        repositories?</p>
    <p><code>Security Policy Coverage</code>: <span class="metric">66.7% (2/3)</span>
        <em>(public repos only, including archived)</em> ·
        <a href="OPERATIONS.html#security-policy-coverage" title="What it means and how to add a security policy">Read more</a>
    </p>

    <p class="question">Do we have Dependabot security updates enabled so GitHub can automatically open remediation pull
        requests for vulnerable dependencies?</p>
    <p><code>Dependabot Status</code>: <span class="metric">60.0% (3/5)</span> ·
        <a href="OPERATIONS.html#dependabot-coverage" title="What it means and how to enable Dependabot security updates">Read more</a>
    </p>

    <p class="question">Do we scan our repositories for leaked secrets?</p>
    <p><code>Secret Scanning Coverage</code>: <span class="metric">80.0% (4/5)</span> ·
        <a href="OPERATIONS.html#secret-scanning-coverage" title="What it means and how to enable secret scanning">Read more</a>
    </p>

    <h3>Ownership Metrics</h3>

    <p class="question">Do we enforce branch protection rules?</p>
    <p><code>Branch Protection</code>: <span class="metric">60.0% (3/5)</span> ·
        <a href="OPERATIONS.html#branch-protection-coverage" title="What it means and how to configure branch protection">Read more</a>
    </p>

    <p class="question">Do we have CODEOWNERS files in <code>.github/CODEOWNERS</code> or
        <code>./CODEOWNERS</code>?</p>
    <p><code>CODEOWNERS Coverage</code>: <span class="metric">80.0% (4/5)</span> ·
        <a href="OPERATIONS.html#codeowners-coverage" title="What it means, team-over-user preference, and how to add a team member">Read more</a>
    </p>

    <h2>Supporting Counts and Details</h2>

    <details>
        <summary>Security Policy Coverage, public repos only</summary>
        <table class="data-table">
            <thead>
                <tr>
                    <th><span class="tooltip-header" tabindex="0" data-tooltip="Name of the measurement or breakdown category this row reports; see the row itself for its exact definition." title="Name of the measurement or breakdown category this row reports; see the row itself for its exact definition.">Metric</span></th>
                    <th class="text-right"><span class="tooltip-header" tabindex="0" data-tooltip="The measured count or percentage for this collection run." title="The measured count or percentage for this collection run.">Value</span></th>
                </tr>
            </thead>
            <tbody>
                <tr>
                    <td title="Percentage of public repos with a security policy enabled or SECURITY.md present.">Coverage</td>
                    <td class="text-right">66.7% (2/3)</td>
                </tr>
                <tr>
                    <td title="Repos where the GitHub security-policy setting is enabled at the org or repo level.">Via GitHub setting</td>
                    <td class="text-right">1</td>
                </tr>
                <tr>
                    <td title="Repos with a SECURITY.md file committed in the repository root, .github/, or docs/.">Via <code>SECURITY.md</code> presence</td>
                    <td class="text-right">1</td>
                </tr>
                <tr>
                    <td title="Repos where neither setting nor file was found.">Missing policy evidence</td>
                    <td class="text-right">1</td>
                </tr>
                <tr>
                    <td title="Repos where the check could not be completed (API error, permission denied, etc.).">Unknown</td>
                    <td class="text-right">0</td>
                </tr>
            </tbody>
        </table>
    </details>

    <details>
        <summary>Dependabot Status</summary>
        <table class="data-table">
            <thead>
                <tr>
                    <th><span class="tooltip-header" tabindex="0" data-tooltip="Name of the measurement or breakdown category this row reports; see the row itself for its exact definition." title="Name of the measurement or breakdown category this row reports; see the row itself for its exact definition.">Metric</span></th>
                    <th class="text-right"><span class="tooltip-header" tabindex="0" data-tooltip="The measured count or percentage for this collection run." title="The measured count or percentage for this collection run.">Value</span></th>
                </tr>
            </thead>
            <tbody>
                <tr>
                    <td title="Percentage of repos with Dependabot security updates enabled.">Coverage</td>
                    <td class="text-right">60.0% (3/5)</td>
                </tr>
                <tr>
                    <td title="Repos where the API returned enabled, disabled, or paused status.">Repos with confirmed enabled/disabled/paused evidence</td>
                    <td class="text-right">4</td>
                </tr>
                <tr>
                    <td title="Repos where Dependabot was paused (by GitHub or inferred from inactivity).">Paused</td>
                    <td class="text-right">0</td>
                </tr>
                <tr>
                    <td title="Repos where Dependabot security updates are explicitly disabled.">Disabled</td>
                    <td class="text-right">1</td>
                </tr>
                <tr>
                    <td title="Repos where the check could not be completed.">Unknown</td>
                    <td class="text-right">1</td>
                </tr>
            </tbody>
        </table>
    </details>

    <details>
        <summary>Secret Scanning Coverage</summary>
        <table class="data-table">
            <thead>
                <tr>
                    <th><span class="tooltip-header" tabindex="0" data-tooltip="Name of the measurement or breakdown category this row reports; see the row itself for its exact definition." title="Name of the measurement or breakdown category this row reports; see the row itself for its exact definition.">Metric</span></th>
                    <th class="text-right"><span class="tooltip-header" tabindex="0" data-tooltip="The measured count or percentage for this collection run." title="The measured count or percentage for this collection run.">Value</span></th>
                </tr>
            </thead>
            <tbody>
                <tr>
                    <td title="Percentage of repos with GitHub secret scanning enabled.">Coverage</td>
                    <td class="text-right">80.0% (4/5)</td>
                </tr>
                <tr>
                    <td title="Repos where the API returned enabled or disabled status.">Repos with confirmed enabled/disabled evidence</td>
                    <td class="text-right">5</td>
                </tr>
                <tr>
                    <td title="Repos where secret scanning is explicitly disabled.">Disabled</td>
                    <td class="text-right">1</td>
                </tr>
                <tr>
                    <td title="Repos where the API returned 403 (insufficient token permissions).">Permission denied</td>
                    <td class="text-right">0</td>
                </tr>
                <tr>
                    <td title="Repos where the check could not be completed.">Unknown</td>
                    <td class="text-right">0</td>
                </tr>
            </tbody>
        </table>
    </details>

    <details>
        <summary>Branch Protection</summary>
        <table class="data-table">
            <thead>
                <tr>
                    <th><span class="tooltip-header" tabindex="0" data-tooltip="Name of the measurement or breakdown category this row reports; see the row itself for its exact definition." title="Name of the measurement or breakdown category this row reports; see the row itself for its exact definition.">Metric</span></th>
                    <th class="text-right"><span class="tooltip-header" tabindex="0" data-tooltip="The measured count or percentage for this collection run." title="The measured count or percentage for this collection run.">Value</span></th>
                </tr>
            </thead>
            <tbody>
                <tr>
                    <td title="Percentage of observable repos at branch-protection T2 or higher.">T2+ coverage</td>
                    <td class="text-right">60.0% (3/5)</td>
                </tr>
                <tr>
                    <td title="Repos at T1 minimal: branch protected with force-push and deletion blocked, but missing PR-review accept bar.">T1 minimal</td>
                    <td class="text-right">1</td>
                </tr>
                <tr>
                    <td title="Repos at T0 below baseline: protection absent (including confirmed absence via a 404), force-push/deletion not blocked, or the repo was unreadable/permission-suspected — this last case is classified here, not excluded from the percentage.">T0 below baseline</td>
                    <td class="text-right">0</td>
                </tr>
                <tr>
                    <td title="Reserved bucket for repos whose branch protection could not be scored — currently always zero, because unreadable/permission-suspected repos are folded into T0 below baseline (above) instead of being excluded here.">Excluded / unreadable</td>
                    <td class="text-right">1</td>
                </tr>
            </tbody>
        </table>
    </details>

    <details>
        <summary>CODEOWNERS Coverage</summary>
        <table class="data-table">
            <thead>
                <tr>
                    <th><span class="tooltip-header" tabindex="0" data-tooltip="Name of the measurement or breakdown category this row reports; see the row itself for its exact definition." title="Name of the measurement or breakdown category this row reports; see the row itself for its exact definition.">Metric</span></th>
                    <th class="text-right"><span class="tooltip-header" tabindex="0" data-tooltip="The measured count or percentage for this collection run." title="The measured count or percentage for this collection run.">Value</span></th>
                </tr>
            </thead>
            <tbody>
                <tr>
                    <td title="Percentage of repos with a CODEOWNERS file in a recognized location.">Coverage</td>
                    <td class="text-right">80.0% (4/5)</td>
                </tr>
                <tr>
                    <td title="Repos with CODEOWNERS in the preferred .github/ directory.">Conforming (<code>.github/CODEOWNERS</code>)</td>
                    <td class="text-right">3</td>
                </tr>
                <tr>
                    <td title="Repos with CODEOWNERS in the repo root (non-preferred location).">Conforming (<code>CODEOWNERS</code>)</td>
                    <td class="text-right">1</td>
                </tr>
                <tr>
                    <td title="Repos with no CODEOWNERS file found in any recognized location.">Absent</td>
                    <td class="text-right">0</td>
                </tr>
                <tr>
                    <td title="Repos where the check could not be completed.">Unknown</td>
                    <td class="text-right">1</td>
                </tr>
            </tbody>
        </table>
    </details>

    <p class="caveat" id="add-a-team-member">Prefer a GitHub <strong>team</strong> (for example <code>@TestOrg/team-slug</code>) as
        CODEOWNERS owner rather than an individual user: the CODEOWNERS Summary "top security teams" ranking only
        considers team-type owners, and a team survives one person leaving. To add a member to a team, contact your GitHub organization&#39;s administrators with the person&#39;s GitHub username and the team they should join — team membership is typically governed by an identity provider or admin process outside this repository, not a configuration file.</p>
    

    <h2 id="metric-caveats">Metric Caveats</h2>

    <div class="caveat">
        <p>Branch protection coverage counts only <code>pass</code> as sufficient; <code>partial</code> remains
            insufficient.</p>
    </div>

    <h2>Assessment Metadata</h2>
    <table class="data-table">
        <thead>
            <tr>
                <th><span class="tooltip-header" tabindex="0" data-tooltip="Name of the metadata item this row reports." title="Name of the metadata item this row reports.">Field</span></th>
                <th class="text-right"><span class="tooltip-header" tabindex="0" data-tooltip="The measured count or percentage for this collection run." title="The measured count or percentage for this collection run.">Value</span></th>
            </tr>
        </thead>
        <tbody>
            <tr>
                <td>Organisation</td>
                <td class="text-right">TestOrg</td>
            </tr>
            <tr>
                <td>Run ID</td>
                <td class="text-right">test-run-id</td>
            </tr>
            <tr>
                <td>Generated</td>
                <td class="text-right">2026-04-09 12:00 UTC</td>
            </tr>
            <tr>
                <td>Data source</td>
                <td class="text-right">Fresh collection</td>
            </tr>
            <tr>
                <td>Organisation governance score</td>
                <td class="text-right">68.8%</td>
            </tr>
            <tr>
                <td>Total repositories</td>
                <td class="text-right">5</td>
            </tr>
            <tr>
                <td>Non-archived repos</td>
                <td class="text-right">5</td>
            </tr>
            <tr>
                <td>Archived repos</td>
                <td class="text-right">0</td>
            </tr>
            <tr>
                <td>Public repos</td>
                <td class="text-right">3</td>
            </tr>
            <tr>
                <td>Internal repos</td>
                <td class="text-right">1</td>
            </tr>
            <tr>
                <td>Private repos</td>
                <td class="text-right">1</td>
            </tr>
            <tr>
                <td>Rate limit warnings</td>
                <td class="text-right">0</td>
            </tr>
            <tr>
                <td>Org alert collection status</td>
                <td class="text-right">success</td>
            </tr>
            <tr>
                <td>Open org secret-scanning alerts</td>
                <td class="text-right">1</td>
            </tr>
            <tr>
                <td>Collection technical issues</td>
                <td class="text-right"><a href="admin.html">0</a></td>
            </tr>
        </tbody>
    </table>

</body>

</html>
