---
source: crates/gh-report/src/domain/evidence.rs
expression: payload
---
{
  "schema_version": "1.0",
  "organization": "TestOrg",
  "generated_at": "2026-04-09T12:00:00+00:00",
  "repositories": [
    {
      "id": "id-snap-repo",
      "node_id": null,
      "name": "snap-repo",
      "visibility": "private",
      "language": null,
      "default_branch": "main",
      "archived": false,
      "inventory_key": "id-snap-repo",
      "updated_at": null,
      "has_issues": true,
      "pushed_at": null,
      "created_at": null,
      "description": null,
      "fork": false,
      "is_empty": false,
      "html_url": null,
      "topics": [],
      "license_spdx": null
    }
  ],
  "complete": true
}
